// Jest Snapshot v1, https://goo.gl/fbAQLP

exports[`simple "dumb" api 1`] = `"SELECT foo = ALL (x) FROM vtable;"`;

exports[`simple "dumb" api 2`] = `
"DROP POLICY policy_name ON schema_name.table_name;

SELECT a = b;"
`;

exports[`simple "dumb" api 3`] = `"authenticated"`;

exports[`simple "dumb" api 4`] = `"id = current_setting('user.id')::uuid"`;

exports[`simple "dumb" api 5`] = `
"id = current_setting('user.id')::uuid

authenticated"
`;
